
> portfolio@0.1.0 build
> next build

node.exe : ⚠ Warning: Next.js 
inferred your workspace root, 
but it may not be correct.
At line:1 char:1
+ & "D:\Program 
Files\nodejs/node.exe" 
"D:\Program 
Files\nodejs/node_mo ...
+ ~~~~~~~~~~~~~~~~~~~~~~~~~~~~
~~~~~~~~~~~~~~~~~~~~~~~~~~~~~~
~~~~~~~~~~~
    + CategoryInfo          : 
    NotSpecified: (⚠ Warning  
  : Next...not be correct.:   
 String) [], RemoteExcepti    
on
    + FullyQualifiedErrorId : 
    NativeCommandError
 
 We detected multiple 
lockfiles and selected the 
directory of C:\Users\ANIMESH\
package-lock.json as the root 
directory.
 To silence this warning, set 
`turbopack.root` in your 
Next.js config, or consider 
removing one of the lockfiles 
if it's not needed.
   See https://nextjs.org/docs
/app/api-reference/config/next
-config-js/turbopack#root-dire
ctory for more information.
 Detected additional 
lockfiles: 
   * C:\Users\ANIMESH\.gemini\
antigravity\scratch\portfolio\
package-lock.json

▲ Next.js 16.2.1 (Turbopack)

  Creating an optimized production build ...

> Build error occurred
Error: Turbopack build failed 
with 12 errors:
./.gemini/antigravity/scratch/
portfolio/components/sections/
Contact.tsx:2:1
Export Github doesn't exist 
in target module
  [90m1 |[0m [32m"use 
client"[0m;
[31m[1m>[0m [90m2 |[0m 
[36mimport[0m { 
[33mMail[0m, 
[33mGithub[0m, 
[33mLinkedin[0m, 
[33mExternalLink[0m, 
[33mMessageSquare[0m } 
[36mfrom[0m 
[32m"lucide-react"[0m;
  [90m  |[0m [31m[1m^^^^^^
^^^^^^^^^^^^^^^^^^^^^^^^^^^^^^
^^^^^^^^^^^^^^^^^^^^^^^^^^^^^^
^^^^^^^^^^^^^^^^^[0m
  [90m3 |[0m
  [90m4 |[0m [36mconst[0m 
contacts = [
  [90m5 |[0m   {

The export Github was not 
found in module [project]/.gem
ini/antigravity/scratch/portfo
lio/node_modules/lucide-react/
dist/esm/lucide-react.js 
[app-client] (ecmascript).
Did you mean to import Gift?
All exports of the module are 
statically known (It doesn't 
have dynamic exports). So 
it's known statically that 
the requested export doesn't 
exist.

Import trace:
  Server Component:
    ./.gemini/antigravity/scra
tch/portfolio/components/secti
ons/Contact.tsx
    ./.gemini/antigravity/scra
tch/portfolio/app/page.tsx


./.gemini/antigravity/scratch/
portfolio/components/sections/
Contact.tsx:2:1
Export Github doesn't exist 
in target module
  [90m1 |[0m [32m"use 
client"[0m;
[31m[1m>[0m [90m2 |[0m 
[36mimport[0m { 
[33mMail[0m, 
[33mGithub[0m, 
[33mLinkedin[0m, 
[33mExternalLink[0m, 
[33mMessageSquare[0m } 
[36mfrom[0m 
[32m"lucide-react"[0m;
  [90m  |[0m [31m[1m^^^^^^
^^^^^^^^^^^^^^^^^^^^^^^^^^^^^^
^^^^^^^^^^^^^^^^^^^^^^^^^^^^^^
^^^^^^^^^^^^^^^^^[0m
  [90m3 |[0m
  [90m4 |[0m [36mconst[0m 
contacts = [
  [90m5 |[0m   {

The export Github was not 
found in module [project]/.gem
ini/antigravity/scratch/portfo
lio/node_modules/lucide-react/
dist/esm/lucide-react.js 
[app-ssr] (ecmascript).
Did you mean to import Gift?
All exports of the module are 
statically known (It doesn't 
have dynamic exports). So 
it's known statically that 
the requested export doesn't 
exist.

Import trace:
  Server Component:
    ./.gemini/antigravity/scra
tch/portfolio/components/secti
ons/Contact.tsx
    ./.gemini/antigravity/scra
tch/portfolio/app/page.tsx


./.gemini/antigravity/scratch/
portfolio/components/sections/
Hero.tsx:3:1
Export Github doesn't exist 
in target module
  [90m1 |[0m [32m"use 
client"[0m;
  [90m2 |[0m 
[36mimport[0m { useEffect, 
useState } [36mfrom[0m 
[32m"react"[0m;
[31m[1m>[0m [90m3 |[0m 
[36mimport[0m { 
[33mGithub[0m, 
[33mLinkedin[0m, 
[33mChevronDown[0m, 
[33mArrowRight[0m } 
[36mfrom[0m 
[32m"lucide-react"[0m;
  [90m  |[0m [31m[1m^^^^^^
^^^^^^^^^^^^^^^^^^^^^^^^^^^^^^
^^^^^^^^^^^^^^^^^^^^^^^^^^^^^^
^^^^^^^[0m
  [90m4 |[0m
  [90m5 |[0m [36mconst[0m 
[33mTYPING_STRINGS[0m = [
  [90m6 |[0m   [32m"sudo 
build-portfolio 
--mode=corporate"[0m,

The export Github was not 
found in module [project]/.gem
ini/antigravity/scratch/portfo
lio/node_modules/lucide-react/
dist/esm/lucide-react.js 
[app-client] (ecmascript).
Did you mean to import Gift?
All exports of the module are 
statically known (It doesn't 
have dynamic exports). So 
it's known statically that 
the requested export doesn't 
exist.

Import trace:
  Server Component:
    ./.gemini/antigravity/scra
tch/portfolio/components/secti
ons/Hero.tsx
    ./.gemini/antigravity/scra
tch/portfolio/app/page.tsx


./.gemini/antigravity/scratch/
portfolio/components/sections/
Hero.tsx:3:1
Export Github doesn't exist 
in target module
  [90m1 |[0m [32m"use 
client"[0m;
  [90m2 |[0m 
[36mimport[0m { useEffect, 
useState } [36mfrom[0m 
[32m"react"[0m;
[31m[1m>[0m [90m3 |[0m 
[36mimport[0m { 
[33mGithub[0m, 
[33mLinkedin[0m, 
[33mChevronDown[0m, 
[33mArrowRight[0m } 
[36mfrom[0m 
[32m"lucide-react"[0m;
  [90m  |[0m [31m[1m^^^^^^
^^^^^^^^^^^^^^^^^^^^^^^^^^^^^^
^^^^^^^^^^^^^^^^^^^^^^^^^^^^^^
^^^^^^^[0m
  [90m4 |[0m
  [90m5 |[0m [36mconst[0m 
[33mTYPING_STRINGS[0m = [
  [90m6 |[0m   [32m"sudo 
build-portfolio 
--mode=corporate"[0m,

The export Github was not 
found in module [project]/.gem
ini/antigravity/scratch/portfo
lio/node_modules/lucide-react/
dist/esm/lucide-react.js 
[app-ssr] (ecmascript).
Did you mean to import Gift?
All exports of the module are 
statically known (It doesn't 
have dynamic exports). So 
it's known statically that 
the requested export doesn't 
exist.

Import trace:
  Server Component:
    ./.gemini/antigravity/scra
tch/portfolio/components/secti
ons/Hero.tsx
    ./.gemini/antigravity/scra
tch/portfolio/app/page.tsx


./.gemini/antigravity/scratch/
portfolio/components/sections/
Projects.tsx:2:1
Export Github doesn't exist 
in target module
  [90m1 |[0m [32m"use 
client"[0m;
[31m[1m>[0m [90m2 |[0m 
[36mimport[0m { 
[33mExternalLink[0m, 
[33mGithub[0m, 
[33mStar[0m, 
[33mGitFork[0m, 
[33mZap[0m } [36mfrom[0m 
[32m"lucide-react"[0m;
  [90m  |[0m [31m[1m^^^^^^
^^^^^^^^^^^^^^^^^^^^^^^^^^^^^^
^^^^^^^^^^^^^^^^^^^^^^^^^^^^^^
^^^^^^[0m
  [90m3 |[0m
  [90m4 |[0m [36mconst[0m 
projects = [
  [90m5 |[0m   {

The export Github was not 
found in module [project]/.gem
ini/antigravity/scratch/portfo
lio/node_modules/lucide-react/
dist/esm/lucide-react.js 
[app-client] (ecmascript).
Did you mean to import Gift?
All exports of the module are 
statically known (It doesn't 
have dynamic exports). So 
it's known statically that 
the requested export doesn't 
exist.

Import trace:
  Server Component:
    ./.gemini/antigravity/scra
tch/portfolio/components/secti
ons/Projects.tsx
    ./.gemini/antigravity/scra
tch/portfolio/app/page.tsx


./.gemini/antigravity/scratch/
portfolio/components/sections/
Projects.tsx:2:1
Export Github doesn't exist 
in target module
  [90m1 |[0m [32m"use 
client"[0m;
[31m[1m>[0m [90m2 |[0m 
[36mimport[0m { 
[33mExternalLink[0m, 
[33mGithub[0m, 
[33mStar[0m, 
[33mGitFork[0m, 
[33mZap[0m } [36mfrom[0m 
[32m"lucide-react"[0m;
  [90m  |[0m [31m[1m^^^^^^
^^^^^^^^^^^^^^^^^^^^^^^^^^^^^^
^^^^^^^^^^^^^^^^^^^^^^^^^^^^^^
^^^^^^[0m
  [90m3 |[0m
  [90m4 |[0m [36mconst[0m 
projects = [
  [90m5 |[0m   {

The export Github was not 
found in module [project]/.gem
ini/antigravity/scratch/portfo
lio/node_modules/lucide-react/
dist/esm/lucide-react.js 
[app-ssr] (ecmascript).
Did you mean to import Gift?
All exports of the module are 
statically known (It doesn't 
have dynamic exports). So 
it's known statically that 
the requested export doesn't 
exist.

Import trace:
  Server Component:
    ./.gemini/antigravity/scra
tch/portfolio/components/secti
ons/Projects.tsx
    ./.gemini/antigravity/scra
tch/portfolio/app/page.tsx


./.gemini/antigravity/scratch/
portfolio/components/sections/
Contact.tsx:2:1
Export Linkedin doesn't exist 
in target module
  [90m1 |[0m [32m"use 
client"[0m;
[31m[1m>[0m [90m2 |[0m 
[36mimport[0m { 
[33mMail[0m, 
[33mGithub[0m, 
[33mLinkedin[0m, 
[33mExternalLink[0m, 
[33mMessageSquare[0m } 
[36mfrom[0m 
[32m"lucide-react"[0m;
  [90m  |[0m [31m[1m^^^^^^
^^^^^^^^^^^^^^^^^^^^^^^^^^^^^^
^^^^^^^^^^^^^^^^^^^^^^^^^^^^^^
^^^^^^^^^^^^^^^^^[0m
  [90m3 |[0m
  [90m4 |[0m [36mconst[0m 
contacts = [
  [90m5 |[0m   {

The export Linkedin was not 
found in module [project]/.gem
ini/antigravity/scratch/portfo
lio/node_modules/lucide-react/
dist/esm/lucide-react.js 
[app-client] (ecmascript).
Did you mean to import Link?
All exports of the module are 
statically known (It doesn't 
have dynamic exports). So 
it's known statically that 
the requested export doesn't 
exist.

Import trace:
  Server Component:
    ./.gemini/antigravity/scra
tch/portfolio/components/secti
ons/Contact.tsx
    ./.gemini/antigravity/scra
tch/portfolio/app/page.tsx


./.gemini/antigravity/scratch/
portfolio/components/sections/
Contact.tsx:2:1
Export Linkedin doesn't exist 
in target module
  [90m1 |[0m [32m"use 
client"[0m;
[31m[1m>[0m [90m2 |[0m 
[36mimport[0m { 
[33mMail[0m, 
[33mGithub[0m, 
[33mLinkedin[0m, 
[33mExternalLink[0m, 
[33mMessageSquare[0m } 
[36mfrom[0m 
[32m"lucide-react"[0m;
  [90m  |[0m [31m[1m^^^^^^
^^^^^^^^^^^^^^^^^^^^^^^^^^^^^^
^^^^^^^^^^^^^^^^^^^^^^^^^^^^^^
^^^^^^^^^^^^^^^^^[0m
  [90m3 |[0m
  [90m4 |[0m [36mconst[0m 
contacts = [
  [90m5 |[0m   {

The export Linkedin was not 
found in module [project]/.gem
ini/antigravity/scratch/portfo
lio/node_modules/lucide-react/
dist/esm/lucide-react.js 
[app-ssr] (ecmascript).
Did you mean to import Link?
All exports of the module are 
statically known (It doesn't 
have dynamic exports). So 
it's known statically that 
the requested export doesn't 
exist.

Import trace:
  Server Component:
    ./.gemini/antigravity/scra
tch/portfolio/components/secti
ons/Contact.tsx
    ./.gemini/antigravity/scra
tch/portfolio/app/page.tsx


./.gemini/antigravity/scratch/
portfolio/components/sections/
Hero.tsx:3:1
Export Linkedin doesn't exist 
in target module
  [90m1 |[0m [32m"use 
client"[0m;
  [90m2 |[0m 
[36mimport[0m { useEffect, 
useState } [36mfrom[0m 
[32m"react"[0m;
[31m[1m>[0m [90m3 |[0m 
[36mimport[0m { 
[33mGithub[0m, 
[33mLinkedin[0m, 
[33mChevronDown[0m, 
[33mArrowRight[0m } 
[36mfrom[0m 
[32m"lucide-react"[0m;
  [90m  |[0m [31m[1m^^^^^^
^^^^^^^^^^^^^^^^^^^^^^^^^^^^^^
^^^^^^^^^^^^^^^^^^^^^^^^^^^^^^
^^^^^^^[0m
  [90m4 |[0m
  [90m5 |[0m [36mconst[0m 
[33mTYPING_STRINGS[0m = [
  [90m6 |[0m   [32m"sudo 
build-portfolio 
--mode=corporate"[0m,

The export Linkedin was not 
found in module [project]/.gem
ini/antigravity/scratch/portfo
lio/node_modules/lucide-react/
dist/esm/lucide-react.js 
[app-client] (ecmascript).
Did you mean to import Link?
All exports of the module are 
statically known (It doesn't 
have dynamic exports). So 
it's known statically that 
the requested export doesn't 
exist.

Import trace:
  Server Component:
    ./.gemini/antigravity/scra
tch/portfolio/components/secti
ons/Hero.tsx
    ./.gemini/antigravity/scra
tch/portfolio/app/page.tsx


./.gemini/antigravity/scratch/
portfolio/components/sections/
Hero.tsx:3:1
Export Linkedin doesn't exist 
in target module
  [90m1 |[0m [32m"use 
client"[0m;
  [90m2 |[0m 
[36mimport[0m { useEffect, 
useState } [36mfrom[0m 
[32m"react"[0m;
[31m[1m>[0m [90m3 |[0m 
[36mimport[0m { 
[33mGithub[0m, 
[33mLinkedin[0m, 
[33mChevronDown[0m, 
[33mArrowRight[0m } 
[36mfrom[0m 
[32m"lucide-react"[0m;
  [90m  |[0m [31m[1m^^^^^^
^^^^^^^^^^^^^^^^^^^^^^^^^^^^^^
^^^^^^^^^^^^^^^^^^^^^^^^^^^^^^
^^^^^^^[0m
  [90m4 |[0m
  [90m5 |[0m [36mconst[0m 
[33mTYPING_STRINGS[0m = [
  [90m6 |[0m   [32m"sudo 
build-portfolio 
--mode=corporate"[0m,

The export Linkedin was not 
found in module [project]/.gem
ini/antigravity/scratch/portfo
lio/node_modules/lucide-react/
dist/esm/lucide-react.js 
[app-ssr] (ecmascript).
Did you mean to import Link?
All exports of the module are 
statically known (It doesn't 
have dynamic exports). So 
it's known statically that 
the requested export doesn't 
exist.

Import trace:
  Server Component:
    ./.gemini/antigravity/scra
tch/portfolio/components/secti
ons/Hero.tsx
    ./.gemini/antigravity/scra
tch/portfolio/app/page.tsx


./.gemini/antigravity/scratch/
portfolio/components/sections/
GitHubActivity.tsx:2:1
Export default doesn't exist 
in target module
  [90m1 |[0m [32m"use 
client"[0m;
[31m[1m>[0m [90m2 |[0m 
[36mimport[0m 
[33mGitHubCalendar[0m 
[36mfrom[0m [32m"react-gith
ub-calendar"[0m;
  [90m  |[0m [31m[1m^^^^^^
^^^^^^^^^^^^^^^^^^^^^^^^^^^^^^
^^^^^^^^^^^^^^^[0m
  [90m3 |[0m
  [90m4 |[0m 
[36mexport[0m 
[36mdefault[0m 
[36mfunction[0m 
[33mGitHubActivity[0m() {
  [90m5 |[0m   
[36mreturn[0m (

The export default was not 
found in module [project]/.gem
ini/antigravity/scratch/portfo
lio/node_modules/react-github-
calendar/build/index.js 
[app-client] (ecmascript).
Did you mean to import 
GitHubCalendar?
All exports of the module are 
statically known (It doesn't 
have dynamic exports). So 
it's known statically that 
the requested export doesn't 
exist.

Import trace:
  Server Component:
    ./.gemini/antigravity/scra
tch/portfolio/components/secti
ons/GitHubActivity.tsx
    ./.gemini/antigravity/scra
tch/portfolio/app/page.tsx


./.gemini/antigravity/scratch/
portfolio/components/sections/
GitHubActivity.tsx:2:1
Export default doesn't exist 
in target module
  [90m1 |[0m [32m"use 
client"[0m;
[31m[1m>[0m [90m2 |[0m 
[36mimport[0m 
[33mGitHubCalendar[0m 
[36mfrom[0m [32m"react-gith
ub-calendar"[0m;
  [90m  |[0m [31m[1m^^^^^^
^^^^^^^^^^^^^^^^^^^^^^^^^^^^^^
^^^^^^^^^^^^^^^[0m
  [90m3 |[0m
  [90m4 |[0m 
[36mexport[0m 
[36mdefault[0m 
[36mfunction[0m 
[33mGitHubActivity[0m() {
  [90m5 |[0m   
[36mreturn[0m (

The export default was not 
found in module [project]/.gem
ini/antigravity/scratch/portfo
lio/node_modules/react-github-
calendar/build/index.js 
[app-ssr] (ecmascript).
Did you mean to import 
GitHubCalendar?
All exports of the module are 
statically known (It doesn't 
have dynamic exports). So 
it's known statically that 
the requested export doesn't 
exist.

Import trace:
  Server Component:
    ./.gemini/antigravity/scra
tch/portfolio/components/secti
ons/GitHubActivity.tsx
    ./.gemini/antigravity/scra
tch/portfolio/app/page.tsx


    at <unknown> (./.gemini/an
tigravity/scratch/portfolio/co
mponents/sections/Contact.tsx:
2:1)
    at <unknown> (./.gemini/an
tigravity/scratch/portfolio/co
mponents/sections/Contact.tsx:
2:1)
    at <unknown> (./.gemini/an
tigravity/scratch/portfolio/co
mponents/sections/Hero.tsx:3:1
)
    at <unknown> (./.gemini/an
tigravity/scratch/portfolio/co
mponents/sections/Hero.tsx:3:1
)
    at <unknown> (./.gemini/an
tigravity/scratch/portfolio/co
mponents/sections/Projects.tsx
:2:1)
    at <unknown> (./.gemini/an
tigravity/scratch/portfolio/co
mponents/sections/Projects.tsx
:2:1)
    at <unknown> (./.gemini/an
tigravity/scratch/portfolio/co
mponents/sections/Contact.tsx:
2:1)
    at <unknown> (./.gemini/an
tigravity/scratch/portfolio/co
mponents/sections/Contact.tsx:
2:1)
    at <unknown> (./.gemini/an
tigravity/scratch/portfolio/co
mponents/sections/Hero.tsx:3:1
)
    at <unknown> (./.gemini/an
tigravity/scratch/portfolio/co
mponents/sections/Hero.tsx:3:1
)
    at <unknown> (./.gemini/an
tigravity/scratch/portfolio/co
mponents/sections/GitHubActivi
ty.tsx:2:1)
    at <unknown> (./.gemini/an
tigravity/scratch/portfolio/co
mponents/sections/GitHubActivi
ty.tsx:2:1)
